js-code-injection|js:code_injection/app.<module>$anon0|js:eval|src=test/js/code_injection/app.js:5:14|sink=test/js/code_injection/app.js:6:16
js-code-injection|js:decorators_for_await/service.SessionService.runFromRequest|js:eval|src=test/js/decorators_for_await/service.js:12:10|sink=test/js/decorators_for_await/service.js:12:5
js-code-injection|js:decorators_for_await/service.drainAndRun|js:eval|src=test/js/decorators_for_await/service.js:20:8|sink=test/js/decorators_for_await/service.js:20:3
js-command-injection|js:branch_merge_default/app.<module>$anon0|js:child_process.execSync|src=test/js/branch_merge_default/app.js:11:14|sink=test/js/branch_merge_default/app.js:15:3
js-command-injection|js:command_injection/app.handleCmd|js:child_process.exec|src=test/js/command_injection/app.js:12:13|sink=test/js/command_injection/app.js:13:3
js-command-injection|js:command_injection_require/app.<module>$anon0|js:child_process.exec|src=test/js/command_injection_require/app.js:10:45|sink=test/js/command_injection_require/app.js:10:37
js-command-injection|js:command_injection_require/app.<module>$anon1|js:child_process.exec|src=test/js/command_injection_require/app.js:11:42|sink=test/js/command_injection_require/app.js:11:37
js-command-injection|js:command_injection_require/app.<module>$anon2|js:child_process.execSync|src=test/js/command_injection_require/app.js:12:40|sink=test/js/command_injection_require/app.js:12:37
js-command-injection|js:esm_module/app.<module>$anon0|js:child_process.exec|src=test/js/esm_module/app.js:11:16|sink=test/js/esm_module/app.js:12:3
js-command-injection|js:esmodule/app.run|js:child_process.execSync|src=test/js/esmodule/app.mjs:8:17|sink=test/js/esmodule/app.mjs:9:5
js-command-injection|js:fastify/app.<module>$anon1|js:child_process.exec|src=test/js/fastify/app.js:17:16|sink=test/js/fastify/app.js:18:3
js-command-injection|js:handler_destructure/app.<module>$anon0|js:child_process.exec|src=test/js/handler_destructure/app.js:9:18|sink=test/js/handler_destructure/app.js:10:3
js-command-injection|js:handler_destructure/app.<module>$anon1|js:child_process.exec|src=test/js/handler_destructure/app.js:15:20|sink=test/js/handler_destructure/app.js:16:3
js-command-injection|js:handler_param/app.<module>$anon0|js:child_process.exec|src=test/js/handler_param/app.js:8:15|sink=test/js/handler_param/app.js:9:3
js-command-injection|js:header_source/app.<module>$anon0|js:child_process.execSync|src=test/js/header_source/app.js:5:17|sink=test/js/header_source/app.js:6:5
js-command-injection|js:koa/app.<module>$anon1|js:child_process.exec|src=test/js/koa/app.js:22:16|sink=test/js/koa/app.js:23:3
js-command-injection|js:loop_carried_command_injection/app.handleRun|js:child_process.exec|src=test/js/loop_carried_command_injection/app.js:21:11|sink=test/js/loop_carried_command_injection/app.js:20:5
js-command-injection|js:propagator_default/app.<module>$anon0|js:child_process.execSync|src=test/js/propagator_default/app.js:7:17|sink=test/js/propagator_default/app.js:8:5
js-command-injection|js:try_catch_command_injection/app.handleLookup|js:child_process.exec|src=test/js/try_catch_command_injection/app.js:16:12|sink=test/js/try_catch_command_injection/app.js:19:5
js-command-injection|js:typescript/app.<module>$anon0|js:child_process.execSync|src=test/js/typescript/app.ts:11:25|sink=test/js/typescript/app.ts:12:5
js-insecure-deserialization|js:deserialization/app.<module>$anon0|js:node-serialize.unserialize|src=test/js/deserialization/app.js:4:16|sink=test/js/deserialization/app.js:5:3
js-open-redirect|js:open_redirect/app.<module>$anon0|js:res.redirect|src=test/js/open_redirect/app.js:5:16|sink=test/js/open_redirect/app.js:6:3
js-open-redirect|js:open_redirect_guard_bypass/app.<module>$anon0|js:res.redirect|src=test/js/open_redirect_guard_bypass/app.js:14:14|sink=test/js/open_redirect_guard_bypass/app.js:18:3
js-path-traversal|js:express_params/app.<module>$anon0|js:res.sendFile|src=test/js/express_params/app.js:11:14|sink=test/js/express_params/app.js:12:3
js-path-traversal|js:path_traversal/app.handleDownload|js:fs.readFile|src=test/js/path_traversal/app.js:15:18|sink=test/js/path_traversal/app.js:16:3
js-path-traversal|js:path_traversal/app.handleServe|js:res.sendFile|src=test/js/path_traversal/app.js:28:18|sink=test/js/path_traversal/app.js:29:3
js-path-traversal|js:path_traversal/app.handleStream|js:fs.createReadStream|src=test/js/path_traversal/app.js:22:18|sink=test/js/path_traversal/app.js:23:16
js-path-traversal|js:path_traversal_join/app.handleDownload|js:fs.readFile|src=test/js/path_traversal_join/app.js:13:18|sink=test/js/path_traversal_join/app.js:15:3
js-path-traversal|js:path_traversal_requrl_memfs/app.serve|js:context.outputFileSystem.createReadStream|src=test/js/path_traversal_requrl_memfs/app.js:14:18|sink=test/js/path_traversal_requrl_memfs/app.js:20:5
js-path-traversal|js:path_traversal_requrl_memfs/app.serve|js:context.outputFileSystem.statSync|src=test/js/path_traversal_requrl_memfs/app.js:14:18|sink=test/js/path_traversal_requrl_memfs/app.js:18:15
js-path-traversal|js:wdm_getfilename/getFilenameFromUrl.getFilenameFromUrl|js:outputFileSystem.statSync|src=test/js/wdm_getfilename/middleware.js:14:40|sink=test/js/wdm_getfilename/getFilenameFromUrl.js:21:10
js-sqli|js:fastify/app.<module>$anon0|js:db.query|src=test/js/fastify/app.js:11:14|sink=test/js/fastify/app.js:12:22
js-sqli|js:interproc_local_helper/app.<module>$anon0|js:some-db.query|src=test/js/interproc_local_helper/app.js:17:13|sink=test/js/interproc_local_helper/app.js:19:12
js-sqli|js:koa/app.<module>$anon0|js:db.query|src=test/js/koa/app.js:15:14|sink=test/js/koa/app.js:17:22
js-sqli|js:sql_injection/app.handleUser|js:db.query|src=test/js/sql_injection/app.js:13:12|sink=test/js/sql_injection/app.js:15:3
js-sqli|js:sqli_array_destructure/app.<module>$anon0|js:some-db.query|src=test/js/sqli_array_destructure/app.js:9:14|sink=test/js/sqli_array_destructure/app.js:10:12
js-sqli|js:sqli_class_method/app.UserController.runQuery|js:some-db.query|src=test/js/sqli_class_method/app.js:13:14|sink=test/js/sqli_class_method/app.js:9:12
js-sqli|js:sqli_destructure/app.<module>$anon0|js:some-db.query|src=test/js/sqli_destructure/app.js:9:16|sink=test/js/sqli_destructure/app.js:10:12
js-sqli|js:sqli_knex_raw/app.handleUser|js:knex.raw|src=test/js/sqli_knex_raw/app.js:13:12|sink=test/js/sqli_knex_raw/app.js:14:3
js-sqli|js:sqli_optional_chain/app.<module>$anon0|js:some-db.query|src=test/js/sqli_optional_chain/app.js:9:14|sink=test/js/sqli_optional_chain/app.js:10:12
js-sqli|js:sqli_prisma_raw/app.handleUser|js:prisma.$queryRawUnsafe|src=test/js/sqli_prisma_raw/app.js:13:14|sink=test/js/sqli_prisma_raw/app.js:15:3
js-sqli|js:sqli_template_literal/app.<module>$anon0|js:some-db.query|src=test/js/sqli_template_literal/app.js:9:13|sink=test/js/sqli_template_literal/app.js:11:12
js-ssrf|js:ssrf/app.handleProxyAxios|js:axios.get|src=test/js/ssrf/app.js:22:16|sink=test/js/ssrf/app.js:23:3
js-ssrf|js:ssrf/app.handleProxyFetch|js:fetch|src=test/js/ssrf/app.js:29:16|sink=test/js/ssrf/app.js:30:3
js-ssrf|js:ssrf/app.handleProxyHttp|js:http.get|src=test/js/ssrf/app.js:15:16|sink=test/js/ssrf/app.js:16:3
js-ssrf|js:ssrf_new_url/app.directURL|js:fetch|src=test/js/ssrf_new_url/app.js:17:41|sink=test/js/ssrf_new_url/app.js:17:16
js-ssrf|js:ssrf_new_url/app.fixedBase|js:fetch|src=test/js/ssrf_new_url/app.js:36:45|sink=test/js/ssrf_new_url/app.js:36:16
js-ssrf|js:ssrf_new_url/app.forwardAction|js:fetch|src=test/js/ssrf_new_url/app.js:11:32|sink=test/js/ssrf_new_url/app.js:13:16
js-ssrf|js:ssrf_new_url/app.taintedBase|js:fetch|src=test/js/ssrf_new_url/app.js:32:41|sink=test/js/ssrf_new_url/app.js:32:16
js-xss|js:param_object_field/app.<module>$anon0|js:res.send|src=test/js/param_object_field/app.js:10:18|sink=test/js/param_object_field/app.js:15:3
js-xss|js:promise_then/app.<module>$anon0$anon0|js:res.send|src=test/js/promise_then/app.js:9:10|sink=test/js/promise_then/app.js:14:5
js-xss|js:resilience/app.handleGreeting|js:res.send|src=test/js/resilience/app.js:10:18|sink=test/js/resilience/app.js:11:3
js-xss|js:xss/app.handleName|js:res.send|src=test/js/xss/app.js:11:14|sink=test/js/xss/app.js:12:3
react-xss|js:react_xss/app.Bio|js:__godzilla_react_html|src=test/js/react_xss/app.jsx:7:15|sink=test/js/react_xss/app.jsx:8:65
react-xss|js:react_xss/app.IndirectBio|js:__godzilla_react_html|src=test/js/react_xss/app.jsx:13:25|sink=test/js/react_xss/app.jsx:13:25
secret-private-key|js:secrets/app.<module>||src=test/js/secrets/app.js:4:1|sink=test/js/secrets/app.js:4:1
svelte-xss|js:svelte_xss/App.<module>|js:__godzilla_svelte_html|src=test/js/svelte_xss/App.svelte:5:13|sink=test/js/svelte_xss/App.svelte:10:8
vue-xss|js:vue_xss/App.<module>|js:__godzilla_vue_vhtml|src=test/js/vue_xss/App.vue:6:15|sink=test/js/vue_xss/App.vue:13:5
