go/byte_reconstruction|go-command-injection|go:godzilla-samples/byte_reconstruction.main$1|go:os/exec.Command|src=test/go/byte_reconstruction/main.go:27:26|sink=test/go/byte_reconstruction/main.go:31:15
go/chi|go-command-injection|go:godzilla/test/go/chi.main$1|go:os/exec.Command|src=test/go/chi/main.go:17:23|sink=test/go/chi/main.go:18:19
go/closure_capture|go-sql-injection|go:closurecapture.handler$1|go:(*database/sql.DB).Query|src=test/go/closure_capture/main.go:14:6|sink=test/go/closure_capture/main.go:17:18
go/command_injection_variadic|go-command-injection|go:cmdinjvariadic.handler|go:os/exec.Command|src=test/go/command_injection_variadic/main.go:12:6|sink=test/go/command_injection_variadic/main.go:14:18
go/command_injection|go-command-injection|go:godzilla-samples/command_injection.main$1|go:os/exec.Command|src=test/go/command_injection/main.go:10:26|sink=test/go/command_injection/main.go:13:27
go/comparison_result_safe|go-command-injection|go:comparison_result_safe.handler|go:os/exec.Command|src=test/go/comparison_result_safe/main.go:13:6|sink=test/go/comparison_result_safe/main.go:21:18
go/dep_sink_wrapper_nested|go-command-injection|go:godzilla/test/go/dep_sink_wrapper_nested.handler|go:example.com/svc.Fetch|src=test/go/dep_sink_wrapper_nested/main.go:15:6|sink=test/go/dep_sink_wrapper_nested/main.go:17:11
go/dep_sink_wrapper|go-command-injection|go:godzilla/test/go/dep_sink_wrapper.handler|go:example.com/cmdutil.Run|src=test/go/dep_sink_wrapper/main.go:16:6|sink=test/go/dep_sink_wrapper/main.go:18:13
go/dep_transit|go-command-injection|go:godzilla/test/go/dep_transit.handler|go:os/exec.Command|src=test/go/dep_transit/main.go:14:6|sink=test/go/dep_transit/main.go:17:14
go/echo|go-sql-injection|go:godzilla/test/go/echo.main$1|go:(*database/sql.DB).Query|src=test/go/echo/main.go:18:21|sink=test/go/echo/main.go:20:24
go/edgecases|go-command-injection|go:godzilla-samples/edgecases.main$2|go:os/exec.Command|src=test/go/edgecases/main.go:19:24|sink=test/go/edgecases/main.go:22:19
go/edgecases|go-sql-injection|go:godzilla-samples/edgecases.main$1|go:(*database/sql.DB).Query|src=test/go/edgecases/main.go:14:24|sink=test/go/edgecases/main.go:16:3
go/fiber|go-command-injection|go:godzilla/test/go/fiber.main$1|go:os/exec.Command|src=test/go/fiber/main.go:16:17|sink=test/go/fiber/main.go:17:15
go/field_access_source|go-path-traversal|go:godzilla/test/go/field_access_source.main$1|go:os.Open|src=test/go/field_access_source/main.go:15:27|sink=test/go/field_access_source/main.go:17:20
go/form_binding|go-path-traversal|go:godzilla-samples/form_binding.updateRepoFile|go:os.Remove|src=test/go/form_binding/main.go:34:6|sink=test/go/form_binding/main.go:30:11
go/framework_dep_wrapper_nested|go-command-injection|go:godzilla/test/go/framework_dep_wrapper_nested.main$1|go:os/exec.Command|src=test/go/framework_dep_wrapper_nested/requtil/util.go:3:67|sink=test/go/framework_dep_wrapper_nested/main.go:18:25
go/framework_dep_wrapper|go-command-injection|go:godzilla/test/go/framework_dep_wrapper.main$1|go:os/exec.Command|src=test/go/framework_dep_wrapper/requtil/util.go:8:16|sink=test/go/framework_dep_wrapper/main.go:22:25
go/framework_field_source|go-command-injection|go:godzilla/test/go/framework_field_source.main$1|go:os/exec.Command|src=test/go/framework_field_source/beegostub/beegostub.go:17:15|sink=test/go/framework_field_source/main.go:16:15
go/framework_route_param|go-path-traversal|go:frameworkrouteparam.getAsset|go:os.Open|src=test/go/framework_route_param/main.go:19:29|sink=test/go/framework_route_param/main.go:21:19
go/func_alias_source|go-path-traversal|go:funcaliassource.direct|go:os.Open|src=test/go/func_alias_source/main.go:24:73|sink=test/go/func_alias_source/main.go:24:17
go/func_alias_source|go-path-traversal|go:funcaliassource.viaAlias|go:os.Open|src=test/go/func_alias_source/main.go:18:69|sink=test/go/func_alias_source/main.go:18:17
go/gin_gorm|go-command-injection|go:godzilla/test/go/gin_gorm.main$3|go:os/exec.Command|src=test/go/gin_gorm/main.go:42:18|sink=test/go/gin_gorm/main.go:43:25
go/gin_gorm|go-sql-injection|go:godzilla/test/go/gin_gorm.main$1|go:(*gorm.io/gorm.DB).Raw|src=test/go/gin_gorm/main.go:26:16|sink=test/go/gin_gorm/main.go:28:9
go/gin_gorm|go-sql-injection|go:godzilla/test/go/gin_gorm.main$2|go:(*gorm.io/gorm.DB).Where|src=test/go/gin_gorm/main.go:34:16|sink=test/go/gin_gorm/main.go:36:11
go/global_taint|go-command-injection|go:godzilla-samples/global_taint.runHandler|go:os/exec.Command|src=test/go/global_taint/main.go:16:6|sink=test/go/global_taint/main.go:22:18
go/gorilla_mux|go-command-injection|go:godzilla/test/go/gorilla_mux.main$1|go:os/exec.Command|src=test/go/gorilla_mux/main.go:15:19|sink=test/go/gorilla_mux/main.go:16:15
go/header_source|go-command-injection|go:godzilla-samples/header_source.main$1|go:os/exec.Command|src=test/go/header_source/main.go:11:23|sink=test/go/header_source/main.go:13:15
go/higher_order_callback|go-command-injection|go:godzilla-samples/higher_order_callback.runCmd|go:os/exec.Command|src=test/go/higher_order_callback/main.go:21:6|sink=test/go/higher_order_callback/main.go:14:14
go/interface_dispatch|go-command-injection|go:(*godzilla-samples/interface_dispatch.shellRunner).Run|go:os/exec.Command|src=test/go/interface_dispatch/main.go:23:24|sink=test/go/interface_dispatch/main.go:15:14
go/interproc|go-command-injection|go:godzilla-samples/interproc.runCommand|go:os/exec.Command|src=test/go/interproc/main.go:22:26|sink=test/go/interproc/main.go:18:14
go/map_key_select|go-path-traversal|go:godzilla/test/go/map_key_select.contentsTainted|go:os.ReadFile|src=test/go/map_key_select/main.go:30:6|sink=test/go/map_key_select/main.go:33:20
go/open_redirect|go-open-redirect|go:godzilla-samples/open_redirect.main$1|go:net/http.Redirect|src=test/go/open_redirect/main.go:6:31|sink=test/go/open_redirect/main.go:8:16
go/outparam_fill|go-command-injection|go:godzilla-samples/outparam_fill.handler|go:os/exec.Command|src=test/go/outparam_fill/main.go:13:6|sink=test/go/outparam_fill/main.go:20:18
go/path_traversal_servefile|go-path-traversal|go:servefilept.handler|go:net/http.ServeFile|src=test/go/path_traversal_servefile/main.go:9:6|sink=test/go/path_traversal_servefile/main.go:11:16
go/path_traversal|go-path-traversal|go:godzilla/test/go/path_traversal.main$1|go:os.Open|src=test/go/path_traversal/main.go:12:27|sink=test/go/path_traversal/main.go:16:20
go/propagator_default|go-command-injection|go:godzilla-samples/propagator_default.main$1|go:os/exec.Command|src=test/go/propagator_default/main.go:15:26|sink=test/go/propagator_default/main.go:17:15
go/regexp_taint|go-open-redirect|go:godzilla-samples/regexp_taint.main$1|go:net/http.Redirect|src=test/go/regexp_taint/main.go:15:30|sink=test/go/regexp_taint/main.go:18:16
go/regexp_taint|go-open-redirect|go:godzilla-samples/regexp_taint.main$2|go:net/http.Redirect|src=test/go/regexp_taint/main.go:22:27|sink=test/go/regexp_taint/main.go:24:16
go/request_helper|go-command-injection|go:godzilla/test/go/request_helper.handler|go:os/exec.Command|src=test/go/request_helper/main.go:16:6|sink=test/go/request_helper/main.go:17:14
go/return_flow|go-command-injection|go:godzilla-samples/return_flow.main$1|go:os/exec.Command|src=test/go/return_flow/main.go:19:26|sink=test/go/return_flow/main.go:21:15
go/return_struct_field|go-sql-injection|go:godzilla-samples/return_struct_field.handler|go:(*database/sql.DB).Query|src=test/go/return_struct_field/main.go:17:6|sink=test/go/return_struct_field/main.go:25:17
go/sanitizer_bypass|go-command-injection|go:godzilla-samples/sanitizer_bypass.main$1|go:os/exec.Command|src=test/go/sanitizer_bypass/main.go:20:26|sink=test/go/sanitizer_bypass/main.go:23:15
go/secrets|secret-aws-access-key|go:godzilla-samples/secrets.main||src=-|sink=-
go/secrets|secret-jwt|go:godzilla-samples/secrets.main||src=-|sink=-
go/sql_injection|go-sql-injection|go:(*godzilla/test/go/sql_injection.User).GetByID|go:(*database/sql.DB).QueryRow|src=test/go/sql_injection/main.go:43:6|sink=test/go/sql_injection/main.go:40:20
go/sql_injection|go-sql-injection|go:godzilla/test/go/sql_injection.main$1|go:(*database/sql.DB).Query|src=test/go/sql_injection/main.go:58:27|sink=test/go/sql_injection/main.go:62:24
go/sqli_pathvalue|go-sql-injection|go:sqlipathvalue.handler|go:(*database/sql.DB).Query|src=test/go/sqli_pathvalue/main.go:13:6|sink=test/go/sqli_pathvalue/main.go:15:23
go/ssrf|go-ssrf|go:godzilla-samples/ssrf.main$1|go:net/http.Get|src=test/go/ssrf/main.go:10:28|sink=test/go/ssrf/main.go:13:24
go/stdlib_wrap|go-command-injection|go:godzilla/test/go/stdlib_wrap.main$1|go:os/exec.Command|src=test/go/stdlib_wrap/webctx/webctx.go:19:12|sink=test/go/stdlib_wrap/main.go:19:15
go/termination_stress|go-command-injection|go:godzilla/test/go/termination_stress.handler|go:os/exec.Command|src=test/go/termination_stress/main.go:111:6|sink=test/go/termination_stress/main.go:113:14
go/termination_stress|go-command-injection|go:godzilla/test/go/termination_stress.handler|go:os/exec.Command|src=test/go/termination_stress/main.go:111:6|sink=test/go/termination_stress/main.go:114:14
go/termination_stress|go-command-injection|go:godzilla/test/go/termination_stress.handler|go:os/exec.Command|src=test/go/termination_stress/main.go:111:6|sink=test/go/termination_stress/main.go:115:14
go/termination_stress|go-command-injection|go:godzilla/test/go/termination_stress.handler|go:os/exec.Command|src=test/go/termination_stress/main.go:111:6|sink=test/go/termination_stress/main.go:116:14
go/termination_stress|go-command-injection|go:godzilla/test/go/termination_stress.handler|go:os/exec.Command|src=test/go/termination_stress/main.go:111:6|sink=test/go/termination_stress/main.go:118:14
go/type_assertion|go-sql-injection|go:typeassert.handler|go:(*database/sql.DB).Query|src=test/go/type_assertion/main.go:14:6|sink=test/go/type_assertion/main.go:17:23
go/unknown_framework|go-command-injection|go:godzilla/test/go/unknown_framework.main$1|go:os/exec.Command|src=test/go/unknown_framework/main.go:19:16|sink=test/go/unknown_framework/main.go:21:15
go/unknown_framework|go-sql-injection|go:godzilla/test/go/unknown_framework.main$1|go:(*database/sql.DB).Query|src=test/go/unknown_framework/main.go:19:16|sink=test/go/unknown_framework/main.go:25:18
go/url_parse_traversal|go-path-traversal|go:godzilla/test/go/url_parse_traversal.handler|go:os.ReadFile|src=test/go/url_parse_traversal/main.go:14:6|sink=test/go/url_parse_traversal/main.go:20:24
go/weak_crypto|go-weak-cipher|go:godzilla-samples/weak_crypto.main|go:crypto/des.NewCipher|src=-|sink=test/go/weak_crypto/main.go:13:23
go/weak_crypto|go-weak-hash|go:godzilla-samples/weak_crypto.main|go:crypto/md5.New|src=-|sink=test/go/weak_crypto/main.go:12:14
go/xss_template_html|go-xss|go:godzilla/test/go/xss_template_html.handler|go:html/template.HTML|src=test/go/xss_template_html/main.go:12:6|sink=test/go/xss_template_html/main.go:16:35
go/xss|go-xss|go:godzilla-samples/xss.main$1|go:fmt.Fprintf|src=test/go/xss/main.go:9:28|sink=test/go/xss/main.go:12:14
