js/branch_merge_default|js-command-injection|js:app.<module>$anon0|js:child_process.execSync|src=test/js/branch_merge_default/app.js:11:14|sink=test/js/branch_merge_default/app.js:15:3
js/code_injection|js-code-injection|js:app.<module>$anon0|js:eval|src=test/js/code_injection/app.js:5:14|sink=test/js/code_injection/app.js:6:16
js/command_injection_require|js-command-injection|js:app.<module>$anon0|js:child_process.exec|src=test/js/command_injection_require/app.js:10:45|sink=test/js/command_injection_require/app.js:10:37
js/command_injection_require|js-command-injection|js:app.<module>$anon1|js:child_process.exec|src=test/js/command_injection_require/app.js:11:42|sink=test/js/command_injection_require/app.js:11:37
js/command_injection_require|js-command-injection|js:app.<module>$anon2|js:child_process.execSync|src=test/js/command_injection_require/app.js:12:40|sink=test/js/command_injection_require/app.js:12:37
js/command_injection|js-command-injection|js:app.handleCmd|js:child_process.exec|src=test/js/command_injection/app.js:12:13|sink=test/js/command_injection/app.js:13:3
js/crossfile_interproc|js-sqli|js:db.run|js:some-db.query|src=test/js/crossfile_interproc/app.js:8:13|sink=test/js/crossfile_interproc/db.js:5:10
js/crossfile_sfc_import|js-sqli|js:Renderer.render|js:some-db.query|src=test/js/crossfile_sfc_import/app.js:9:14|sink=test/js/crossfile_sfc_import/Renderer.vue:6:10
js/decorators_for_await|js-code-injection|js:service.SessionService.runFromRequest|js:eval|src=test/js/decorators_for_await/service.js:12:10|sink=test/js/decorators_for_await/service.js:12:5
js/decorators_for_await|js-code-injection|js:service.drainAndRun|js:eval|src=test/js/decorators_for_await/service.js:20:8|sink=test/js/decorators_for_await/service.js:20:3
js/deserialization|js-insecure-deserialization|js:app.<module>$anon0|js:node-serialize.unserialize|src=test/js/deserialization/app.js:4:16|sink=test/js/deserialization/app.js:5:3
js/dom_nav_xss|js-dom-xss|js:app.go|js:__godzilla_js_url|src=test/js/dom_nav_xss/app.js:6:16|sink=test/js/dom_nav_xss/app.js:9:3
js/dom_nav_xss|js-dom-xss|js:app.go|js:location.assign|src=test/js/dom_nav_xss/app.js:6:16|sink=test/js/dom_nav_xss/app.js:12:3
js/dom_nav_xss|js-dom-xss|js:app.go|js:window.location.replace|src=test/js/dom_nav_xss/app.js:6:16|sink=test/js/dom_nav_xss/app.js:13:3
js/dom_nav_xss|js-dom-xss|js:app.go|js:window.open|src=test/js/dom_nav_xss/app.js:6:16|sink=test/js/dom_nav_xss/app.js:14:3
js/esm_module|js-command-injection|js:app.<module>$anon0|js:child_process.exec|src=test/js/esm_module/app.js:11:16|sink=test/js/esm_module/app.js:12:3
js/esmodule|js-command-injection|js:app.run|js:child_process.execSync|src=test/js/esmodule/app.mjs:7:17|sink=test/js/esmodule/app.mjs:8:5
js/express_params|js-path-traversal|js:app.<module>$anon0|js:res.sendFile|src=test/js/express_params/app.js:11:14|sink=test/js/express_params/app.js:12:3
js/fastify|js-command-injection|js:app.<module>$anon1|js:child_process.exec|src=test/js/fastify/app.js:17:16|sink=test/js/fastify/app.js:18:3
js/fastify|js-sqli|js:app.<module>$anon0|js:db.query|src=test/js/fastify/app.js:11:14|sink=test/js/fastify/app.js:12:22
js/handler_destructure|js-command-injection|js:app.<module>$anon0|js:child_process.exec|src=test/js/handler_destructure/app.js:9:18|sink=test/js/handler_destructure/app.js:10:3
js/handler_destructure|js-command-injection|js:app.<module>$anon1|js:child_process.exec|src=test/js/handler_destructure/app.js:15:20|sink=test/js/handler_destructure/app.js:16:3
js/handler_param|js-command-injection|js:app.<module>$anon0|js:child_process.exec|src=test/js/handler_param/app.js:8:15|sink=test/js/handler_param/app.js:9:3
js/header_source|js-command-injection|js:app.<module>$anon0|js:child_process.execSync|src=test/js/header_source/app.js:5:17|sink=test/js/header_source/app.js:6:5
js/interproc_local_helper|js-sqli|js:app.<module>$anon0|js:some-db.query|src=test/js/interproc_local_helper/app.js:17:13|sink=test/js/interproc_local_helper/app.js:19:12
js/koa|js-command-injection|js:app.<module>$anon1|js:child_process.exec|src=test/js/koa/app.js:22:16|sink=test/js/koa/app.js:23:3
js/koa|js-sqli|js:app.<module>$anon0|js:db.query|src=test/js/koa/app.js:15:14|sink=test/js/koa/app.js:17:22
js/loop_carried_command_injection|js-command-injection|js:app.handleRun|js:child_process.exec|src=test/js/loop_carried_command_injection/app.js:21:11|sink=test/js/loop_carried_command_injection/app.js:20:5
js/loop_header_callback|js-command-injection|js:app.handleBatch|js:child_process.exec|src=test/js/loop_header_callback/app.js:6:21|sink=test/js/loop_header_callback/app.js:7:5
js/open_redirect_guard_bypass|js-open-redirect|js:app.<module>$anon0|js:res.redirect|src=test/js/open_redirect_guard_bypass/app.js:14:14|sink=test/js/open_redirect_guard_bypass/app.js:18:3
js/open_redirect|js-open-redirect|js:app.<module>$anon0|js:res.redirect|src=test/js/open_redirect/app.js:5:16|sink=test/js/open_redirect/app.js:6:3
js/param_object_field|js-xss|js:app.<module>$anon0|js:res.send|src=test/js/param_object_field/app.js:10:18|sink=test/js/param_object_field/app.js:15:3
js/path_traversal_join|js-path-traversal|js:app.handleDownload|js:fs.readFile|src=test/js/path_traversal_join/app.js:13:18|sink=test/js/path_traversal_join/app.js:15:3
js/path_traversal_requrl_memfs|js-path-traversal|js:app.serve|js:context.outputFileSystem.createReadStream|src=test/js/path_traversal_requrl_memfs/app.js:14:18|sink=test/js/path_traversal_requrl_memfs/app.js:20:5
js/path_traversal_requrl_memfs|js-path-traversal|js:app.serve|js:context.outputFileSystem.statSync|src=test/js/path_traversal_requrl_memfs/app.js:14:18|sink=test/js/path_traversal_requrl_memfs/app.js:18:15
js/path_traversal|js-path-traversal|js:app.handleDownload|js:fs.readFile|src=test/js/path_traversal/app.js:15:18|sink=test/js/path_traversal/app.js:16:3
js/path_traversal|js-path-traversal|js:app.handleServe|js:res.sendFile|src=test/js/path_traversal/app.js:28:18|sink=test/js/path_traversal/app.js:29:3
js/path_traversal|js-path-traversal|js:app.handleStream|js:fs.createReadStream|src=test/js/path_traversal/app.js:22:18|sink=test/js/path_traversal/app.js:23:16
js/promise_then|js-xss|js:app.<module>$anon0$anon0|js:res.send|src=test/js/promise_then/app.js:9:10|sink=test/js/promise_then/app.js:14:5
js/propagator_default|js-command-injection|js:app.<module>$anon0|js:child_process.execSync|src=test/js/propagator_default/app.js:7:17|sink=test/js/propagator_default/app.js:8:5
js/react_props_xss|react-xss-props|js:app.Bio.render|js:__godzilla_react_html|src=test/js/react_props_xss/app.jsx:18:51|sink=test/js/react_props_xss/app.jsx:18:51
js/react_props_xss|react-xss-props|js:app.Card|js:__godzilla_react_html|src=test/js/react_props_xss/app.jsx:31:49|sink=test/js/react_props_xss/app.jsx:31:49
js/react_props_xss|react-xss-props|js:app.Note|js:__godzilla_react_html|src=test/js/react_props_xss/app.jsx:25:22|sink=test/js/react_props_xss/app.jsx:26:49
js/react_props_xss|react-xss-props|js:app.SignupPage.render|js:__godzilla_react_html|src=test/js/react_props_xss/app.jsx:10:42|sink=test/js/react_props_xss/app.jsx:11:51
js/react_xss|react-xss|js:app.Bio|js:__godzilla_react_html|src=test/js/react_xss/app.jsx:7:15|sink=test/js/react_xss/app.jsx:8:65
js/react_xss|react-xss|js:app.IndirectBio|js:__godzilla_react_html|src=test/js/react_xss/app.jsx:13:25|sink=test/js/react_xss/app.jsx:13:25
js/resilience|js-xss|js:app.handleGreeting|js:res.send|src=test/js/resilience/app.js:10:18|sink=test/js/resilience/app.js:11:3
js/secrets|secret-private-key|js:app.<module>||src=test/js/secrets/app.js:4:1|sink=test/js/secrets/app.js:4:1
js/sql_injection|js-sqli|js:app.handleUser|js:db.query|src=test/js/sql_injection/app.js:13:12|sink=test/js/sql_injection/app.js:15:3
js/sqli_array_destructure|js-sqli|js:app.<module>$anon0|js:some-db.query|src=test/js/sqli_array_destructure/app.js:9:14|sink=test/js/sqli_array_destructure/app.js:10:12
js/sqli_class_method|js-sqli|js:app.UserController.runQuery|js:some-db.query|src=test/js/sqli_class_method/app.js:13:14|sink=test/js/sqli_class_method/app.js:9:12
js/sqli_destructure|js-sqli|js:app.<module>$anon0|js:some-db.query|src=test/js/sqli_destructure/app.js:9:16|sink=test/js/sqli_destructure/app.js:10:12
js/sqli_knex_raw|js-sqli|js:app.handleUser|js:knex.raw|src=test/js/sqli_knex_raw/app.js:13:12|sink=test/js/sqli_knex_raw/app.js:14:3
js/sqli_optional_chain|js-sqli|js:app.<module>$anon0|js:some-db.query|src=test/js/sqli_optional_chain/app.js:9:14|sink=test/js/sqli_optional_chain/app.js:10:12
js/sqli_prisma_raw|js-sqli|js:app.handleUser|js:prisma.$queryRawUnsafe|src=test/js/sqli_prisma_raw/app.js:13:14|sink=test/js/sqli_prisma_raw/app.js:15:3
js/sqli_template_literal|js-sqli|js:app.<module>$anon0|js:some-db.query|src=test/js/sqli_template_literal/app.js:9:13|sink=test/js/sqli_template_literal/app.js:11:12
js/ssrf_new_url|js-ssrf|js:app.directURL|js:fetch|src=test/js/ssrf_new_url/app.js:17:41|sink=test/js/ssrf_new_url/app.js:17:16
js/ssrf_new_url|js-ssrf|js:app.fixedBase|js:fetch|src=test/js/ssrf_new_url/app.js:36:45|sink=test/js/ssrf_new_url/app.js:36:16
js/ssrf_new_url|js-ssrf|js:app.forwardAction|js:fetch|src=test/js/ssrf_new_url/app.js:11:32|sink=test/js/ssrf_new_url/app.js:13:16
js/ssrf_new_url|js-ssrf|js:app.taintedBase|js:fetch|src=test/js/ssrf_new_url/app.js:32:41|sink=test/js/ssrf_new_url/app.js:32:16
js/ssrf|js-ssrf|js:app.handleProxyAxios|js:axios.get|src=test/js/ssrf/app.js:22:16|sink=test/js/ssrf/app.js:23:3
js/ssrf|js-ssrf|js:app.handleProxyFetch|js:fetch|src=test/js/ssrf/app.js:29:16|sink=test/js/ssrf/app.js:30:3
js/ssrf|js-ssrf|js:app.handleProxyHttp|js:http.get|src=test/js/ssrf/app.js:15:16|sink=test/js/ssrf/app.js:16:3
js/svelte_xss|svelte-xss|js:App.<module>|js:__godzilla_svelte_html|src=test/js/svelte_xss/App.svelte:5:13|sink=test/js/svelte_xss/App.svelte:10:8
js/try_catch_command_injection|js-command-injection|js:app.handleLookup|js:child_process.exec|src=test/js/try_catch_command_injection/app.js:16:12|sink=test/js/try_catch_command_injection/app.js:19:5
js/typescript|js-command-injection|js:app.<module>$anon0|js:child_process.execSync|src=test/js/typescript/app.ts:11:25|sink=test/js/typescript/app.ts:12:5
js/vue_xss|vue-xss|js:App.<module>|js:__godzilla_vue_vhtml|src=test/js/vue_xss/App.vue:6:15|sink=test/js/vue_xss/App.vue:13:5
js/wdm_getfilename|js-path-traversal|js:getFilenameFromUrl.getFilenameFromUrl|js:outputFileSystem.statSync|src=test/js/wdm_getfilename/middleware.js:14:40|sink=test/js/wdm_getfilename/getFilenameFromUrl.js:21:10
js/xss|js-xss|js:app.handleName|js:res.send|src=test/js/xss/app.js:11:14|sink=test/js/xss/app.js:12:3
