python/branch_merge_default|py-command-injection|py:app.ping|py:os.system|src=test/python/branch_merge_default/app.py:13:12|sink=test/python/branch_merge_default/app.py:16:5
python/code_injection|py-code-injection|py:app.calc|py:eval|src=test/python/code_injection/app.py:13:12|sink=test/python/code_injection/app.py:14:14
python/command_injection_aliased|py-command-injection|py:app.a|py:subprocess.call|src=test/python/command_injection_aliased/app.py:13:11|sink=test/python/command_injection_aliased/app.py:14:5
python/command_injection_aliased|py-command-injection|py:app.b|py:os.system|src=test/python/command_injection_aliased/app.py:20:12|sink=test/python/command_injection_aliased/app.py:21:5
python/command_injection_subprocess|py-command-injection|py:app.run|py:subprocess.check_output|src=test/python/command_injection_subprocess/app.py:14:11|sink=test/python/command_injection_subprocess/app.py:15:5
python/command_injection_subscript|py-command-injection|py:app.ping_via_subscript|py:os.system|src=test/python/command_injection_subscript/app.py:25:11|sink=test/python/command_injection_subscript/app.py:26:5
python/command_injection|py-command-injection|py:app.ping|py:os.system|src=test/python/command_injection/app.py:15:11|sink=test/python/command_injection/app.py:16:5
python/container_store_roundtrip|py-command-injection|py:app.index|py:os.system|src=test/python/container_store_roundtrip/app.py:20:12|sink=test/python/container_store_roundtrip/app.py:22:5
python/container_store_roundtrip|py-command-injection|py:app.store|py:os.system|src=test/python/container_store_roundtrip/app.py:11:12|sink=test/python/container_store_roundtrip/app.py:14:5
python/crossfile_interproc|py-sql-injection|py:db.run|py:_cursor.execute|src=test/python/crossfile_interproc/app.py:17:11|sink=test/python/crossfile_interproc/db.py:6:5
python/crossmodule_nested|py-ssrf|py:src/pkg/net/client.fetch|py:requests.get|src=test/python/crossmodule_nested/src/pkg/api.py:13:11|sink=test/python/crossmodule_nested/src/pkg/net/client.py:6:12
python/deserialize_cloudpickle|py-insecure-deserialization|py:app.run_task|py:cloudpickle.loads|src=test/python/deserialize_cloudpickle/app.py:16:12|sink=test/python/deserialize_cloudpickle/app.py:17:10
python/deserialize_upload|py-insecure-deserialization|py:app.import_model|py:pickle.loads|src=test/python/deserialize_upload/app.py:17:15|sink=test/python/deserialize_upload/app.py:18:11
python/dict_literal_sink|py-command-injection|py:app.x|py:os.system|src=test/python/dict_literal_sink/app.py:11:43|sink=test/python/dict_literal_sink/app.py:11:23
python/django_cbv|py-sql-injection|py:app.UserView.get|py:cursor.execute|src=test/python/django_cbv/app.py:12:5|sink=test/python/django_cbv/app.py:14:9
python/django|py-command-injection|py:app.run_ping|py:os.system|src=test/python/django/app.py:18:12|sink=test/python/django/app.py:19:5
python/django|py-sql-injection|py:app.get_user|py:cursor.execute|src=test/python/django/app.py:11:10|sink=test/python/django/app.py:13:5
python/drf_action_route|py-command-injection|py:app.ReportViewSet.run_report|py:os.system|src=test/python/drf_action_route/app.py:13:5|sink=test/python/drf_action_route/app.py:14:9
python/drf|py-command-injection|py:app.run_task|py:os.system|src=test/python/drf/app.py:19:11|sink=test/python/drf/app.py:20:5
python/drf|py-sql-injection|py:app.create_user|py:cursor.execute|src=test/python/drf/app.py:12:12|sink=test/python/drf/app.py:14:5
python/dynamic_code_exec|py-dynamic-code-exec|py:app.load_limits|py:eval|src=-|sink=test/python/dynamic_code_exec/app.py:19:12
python/exec_family|py-command-injection|py:app.run_chosen|py:os.execv|src=test/python/exec_family/app.py:7:12|sink=test/python/exec_family/app.py:8:5
python/exec_family|py-command-injection|py:app.spawn_chosen|py:os.spawnl|src=test/python/exec_family/app.py:12:12|sink=test/python/exec_family/app.py:13:5
python/fab_expose_route|py-ssrf|py:app.ProxyApi.fetch|py:requests.get|src=test/python/fab_expose_route/app.py:12:5|sink=test/python/fab_expose_route/app.py:13:16
python/fastapi_code_injection|py-code-injection|py:utils/validate.validate_code|py:compile|src=test/python/fastapi_code_injection/api/validate.py:15:1|sink=test/python/fastapi_code_injection/utils/validate.py:9:24
python/fastapi_code_injection|py-dynamic-code-exec|py:utils/validate.validate_code|py:exec|src=-|sink=test/python/fastapi_code_injection/utils/validate.py:10:13
python/fastapi_file_response|py-path-traversal|py:app.serve|py:fastapi.responses.FileResponse|src=test/python/fastapi_file_response/app.py:12:1|sink=test/python/fastapi_file_response/app.py:14:12
python/fastapi_path_traversal|py-path-traversal|py:app.read_file|py:open|src=test/python/fastapi_path_traversal/app.py:20:1|sink=test/python/fastapi_path_traversal/app.py:22:9
python/fastapi|py-command-injection|py:app.run_cmd|py:os.system|src=test/python/fastapi/app.py:18:18|sink=test/python/fastapi/app.py:19:5
python/fastapi|py-sql-injection|py:app.get_user|py:cursor.execute|src=test/python/fastapi/app.py:11:10|sink=test/python/fastapi/app.py:13:5
python/flask_route_path_traversal|py-path-traversal|py:app.read_file|py:open|src=test/python/flask_route_path_traversal/app.py:16:1|sink=test/python/flask_route_path_traversal/app.py:17:9
python/header_source|py-command-injection|py:app.run|py:os.system|src=test/python/header_source/app.py:10:11|sink=test/python/header_source/app.py:11:5
python/hf_dynamic_module|py-hf-dynamic-module|py:app.load_optional|py:transformers.dynamic_module_utils.try_get_class_from_dynamic_module|src=-|sink=test/python/hf_dynamic_module/app.py:17:12
python/hf_dynamic_module|py-hf-dynamic-module|py:app.load_pinned|py:transformers.dynamic_module_utils.get_class_from_dynamic_module|src=-|sink=test/python/hf_dynamic_module/app.py:22:12
python/higher_order_callback|py-command-injection|py:app.run_cmd|py:os.system|src=test/python/higher_order_callback/app.py:22:9|sink=test/python/higher_order_callback/app.py:13:5
python/insecure_config|py-flask-debug-enabled|py:app.serve|py:app.run|src=-|sink=test/python/insecure_config/app.py:32:5
python/insecure_config|py-insecure-tls-verify|py:app.fetch|py:requests.get|src=-|sink=test/python/insecure_config/app.py:17:12
python/insecure_config|py-jinja-autoescape-off|py:app.render|py:jinja2.Environment|src=-|sink=test/python/insecure_config/app.py:22:12
python/insecure_config|py-langchain-dangerous-code|py:app.agent|py:langchain_experimental.agents.create_csv_agent|src=-|sink=test/python/insecure_config/app.py:27:12
python/insecure_deserialization|py-insecure-deserialization|py:app.load|py:pickle.loads|src=test/python/insecure_deserialization/app.py:10:12|sink=test/python/insecure_deserialization/app.py:11:11
python/instance_field|py-command-injection|py:app.Job.execute|py:subprocess.run|src=test/python/instance_field/app.py:13:20|sink=test/python/instance_field/app.py:16:9
python/interproc_local_helper|py-sql-injection|py:app.u|py:_cursor.execute|src=test/python/interproc_local_helper/app.py:21:11|sink=test/python/interproc_local_helper/app.py:23:5
python/kwarg_splat_flag|py-langchain-dangerous-code|py:app.dangerous|py:langchain_experimental.agents.agent_toolkits.csv.base.create_csv_agent|src=-|sink=test/python/kwarg_splat_flag/app.py:7:12
python/kwarg_taint|py-command-injection|py:app.keyword_only|py:subprocess.run|src=test/python/kwarg_taint/app.py:8:25|sink=test/python/kwarg_taint/app.py:8:5
python/kwarg_taint|py-command-injection|py:app.splat|py:subprocess.run|src=test/python/kwarg_taint/app.py:13:21|sink=test/python/kwarg_taint/app.py:14:5
python/ldap_injection|py-ldap-injection|py:app.login|py:conn.search_s|src=test/python/ldap_injection/app.py:12:12|sink=test/python/ldap_injection/app.py:14:12
python/loop_carried_command_injection|py-command-injection|py:app.run|py:os.system|src=test/python/loop_carried_command_injection/app.py:22:15|sink=test/python/loop_carried_command_injection/app.py:21:9
python/method_chain|py-command-injection|py:app.run|py:subprocess.run|src=test/python/method_chain/app.py:13:1|sink=test/python/method_chain/app.py:15:5
python/method_dispatch|py-command-injection|py:app.Runner.go|py:subprocess.run|src=test/python/method_dispatch/app.py:21:11|sink=test/python/method_dispatch/app.py:13:9
python/open_redirect|py-open-redirect|py:app.open_redirect|py:flask.redirect|src=test/python/open_redirect/app.py:8:14|sink=test/python/open_redirect/app.py:9:12
python/path_traversal_join|py-path-traversal|py:app.read_file|py:open|src=test/python/path_traversal_join/app.py:20:16|sink=test/python/path_traversal_join/app.py:22:9
python/path_traversal|py-path-traversal|py:app.download|py:flask.send_file|src=test/python/path_traversal/app.py:30:16|sink=test/python/path_traversal/app.py:31:12
python/path_traversal|py-path-traversal|py:app.read_file|py:open|src=test/python/path_traversal/app.py:21:16|sink=test/python/path_traversal/app.py:22:9
python/redirect_guard_bypass|py-open-redirect|py:app.go|py:flask.redirect|src=test/python/redirect_guard_bypass/app.py:16:11|sink=test/python/redirect_guard_bypass/app.py:19:12
python/resilience|py-command-injection|py:app.resilience_ping|py:os.system|src=test/python/resilience/app.py:15:11|sink=test/python/resilience/app.py:16:5
python/route_bare_decorator|py-ssrf|py:app.Api.parse_urls|py:requests.get|src=test/python/route_bare_decorator/app.py:30:5|sink=test/python/route_bare_decorator/app.py:31:16
python/route_bare_decorator|py-ssrf|py:app.Api.preview|py:requests.get|src=test/python/route_bare_decorator/app.py:37:5|sink=test/python/route_bare_decorator/app.py:38:16
python/route_bare_decorator|py-ssrf|py:app.UploadApi.upload|py:requests.get|src=test/python/route_bare_decorator/app.py:46:5|sink=test/python/route_bare_decorator/app.py:47:16
python/secrets|secret-aws-access-key|py:app.connect||src=test/python/secrets/app.py:12:5|sink=test/python/secrets/app.py:12:5
python/secrets|secret-aws-access-key|||src=test/python/secrets/app.py:8:21|sink=test/python/secrets/app.py:8:21
python/sql_injection|py-sql-injection|py:app.get_user|py:cursor.execute|src=test/python/sql_injection/app.py:15:10|sink=test/python/sql_injection/app.py:17:5
python/sqli_await|py-sql-injection|py:app.u|py:_cursor.execute|src=test/python/sqli_await/app.py:12:12|sink=test/python/sqli_await/app.py:18:5
python/sqli_class_method|py-sql-injection|py:app.UserService.query|py:_cursor.execute|src=test/python/sqli_class_method/app.py:15:15|sink=test/python/sqli_class_method/app.py:12:9
python/sqli_comprehension|py-sql-injection|py:app.u|py:_cursor.execute|src=test/python/sqli_comprehension/app.py:14:11|sink=test/python/sqli_comprehension/app.py:16:6
python/sqli_for_iter|py-sql-injection|py:app.u|py:_cursor.execute|src=test/python/sqli_for_iter/app.py:14:11|sink=test/python/sqli_for_iter/app.py:16:9
python/sqli_fstring|py-sql-injection|py:app.u|py:_cursor.execute|src=test/python/sqli_fstring/app.py:13:11|sink=test/python/sqli_fstring/app.py:14:5
python/sqli_json_body|py-sql-injection|py:app.u|py:_cursor.execute|src=test/python/sqli_json_body/app.py:13:12|sink=test/python/sqli_json_body/app.py:15:5
python/sqli_or_default|py-sql-injection|py:app.u|py:_cursor.execute|src=test/python/sqli_or_default/app.py:13:11|sink=test/python/sqli_or_default/app.py:14:5
python/sqli_orm_wrapper|py-sql-injection|py:app.get_user|py:session.execute|src=test/python/sqli_orm_wrapper/app.py:18:12|sink=test/python/sqli_orm_wrapper/app.py:19:5
python/sqli_ternary|py-sql-injection|py:app.u|py:_cursor.execute|src=test/python/sqli_ternary/app.py:12:11|sink=test/python/sqli_ternary/app.py:14:5
python/sqli_tuple_unpack|py-sql-injection|py:app.u|py:_cursor.execute|src=test/python/sqli_tuple_unpack/app.py:13:12|sink=test/python/sqli_tuple_unpack/app.py:14:5
python/sqli_walrus|py-sql-injection|py:app.u|py:_cursor.execute|src=test/python/sqli_walrus/app.py:13:15|sink=test/python/sqli_walrus/app.py:14:9
python/ssrf_chained|py-ssrf|py:app.fetch|py:requests.get|src=test/python/ssrf_chained/app.py:14:11|sink=test/python/ssrf_chained/app.py:15:16
python/ssrf_httpx_stream|py-ssrf|py:app.download|py:client.stream|src=test/python/ssrf_httpx_stream/app.py:18:11|sink=test/python/ssrf_httpx_stream/app.py:19:10
python/ssrf_pycurl|py-ssrf|py:app.fetch|py:c.setopt|src=test/python/ssrf_pycurl/app.py:9:11|sink=test/python/ssrf_pycurl/app.py:11:5
python/ssrf_request_alias|py-ssrf|py:app.gateway_proxy|py:requests.request|src=test/python/ssrf_request_alias/app.py:21:20|sink=test/python/ssrf_request_alias/app.py:23:12
python/ssrf_requests_request|py-ssrf|py:app.proxy|py:requests.request|src=test/python/ssrf_requests_request/app.py:19:20|sink=test/python/ssrf_requests_request/app.py:21:12
python/ssrf|py-ssrf|py:app.fetch|py:requests.get|src=test/python/ssrf/app.py:16:11|sink=test/python/ssrf/app.py:17:12
python/ssti|py-ssti|py:app.greet|py:flask.render_template_string|src=test/python/ssti/app.py:12:12|sink=test/python/ssti/app.py:13:12
python/ssti|py-xss|py:app.greet|py:flask.render_template_string|src=test/python/ssti/app.py:12:12|sink=test/python/ssti/app.py:13:12
python/subprocess_argv_shell_program|py-command-injection|py:app.run_abs|py:subprocess.run|src=test/python/subprocess_argv_shell_program/app.py:22:11|sink=test/python/subprocess_argv_shell_program/app.py:23:5
python/subprocess_argv_shell_program|py-command-injection|py:app.run|py:subprocess.run|src=test/python/subprocess_argv_shell_program/app.py:15:11|sink=test/python/subprocess_argv_shell_program/app.py:16:5
python/subprocess_argv_shell|py-command-injection|py:app.ls|py:subprocess.run|src=test/python/subprocess_argv_shell/app.py:14:12|sink=test/python/subprocess_argv_shell/app.py:15:5
python/thread_dispatch_selfmethod|py-command-injection|py:app.Worker.run|py:os.system|src=test/python/thread_dispatch_selfmethod/app.py:30:21|sink=test/python/thread_dispatch_selfmethod/app.py:19:9
python/thread_dispatch|py-sql-injection|py:app.run_proc|py:<dynamic>.execute|src=test/python/thread_dispatch/app.py:34:13|sink=test/python/thread_dispatch/app.py:22:5
python/thread_dispatch|py-sql-injection|py:app.run_thread|py:<dynamic>.execute|src=test/python/thread_dispatch/app.py:27:13|sink=test/python/thread_dispatch/app.py:18:5
python/torch_unsafe_load|py-torch-unsafe-load|py:app.decode_shard|py:torch.load|src=-|sink=test/python/torch_unsafe_load/app.py:18:24
python/tornado_command_injection|py-command-injection|py:controls/v4l2ctl.list_resolutions|py:subprocess.run|src=test/python/tornado_command_injection/handlers/camera.py:14:37|sink=test/python/tornado_command_injection/controls/v4l2ctl.py:7:12
python/tornado_path_traversal|py-path-traversal|py:app.FileHandler.get|py:open|src=test/python/tornado_path_traversal/app.py:18:5|sink=test/python/tornado_path_traversal/app.py:20:13
python/tornado_with_open|py-path-traversal|py:app.FileHandler.get|py:open|src=test/python/tornado_with_open/app.py:12:5|sink=test/python/tornado_with_open/app.py:13:14
python/try_except_command_injection|py-command-injection|py:app.lookup|py:os.system|src=test/python/try_except_command_injection/app.py:16:16|sink=test/python/try_except_command_injection/app.py:19:9
python/try_return_command_injection|py-command-injection|py:app.run|py:subprocess.run|src=test/python/try_return_command_injection/app.py:18:11|sink=test/python/try_return_command_injection/app.py:22:9
python/xpath_injection|py-xpath-injection|py:app.find|py:tree.xpath|src=test/python/xpath_injection/app.py:12:12|sink=test/python/xpath_injection/app.py:14:12
python/xss_json_dict|py-xss|py:app.echo|py:django.http.HttpResponse|src=test/python/xss_json_dict/app.py:11:13|sink=test/python/xss_json_dict/app.py:13:12
python/xss_json|py-xss|py:app.echo|py:django.http.HttpResponse|src=test/python/xss_json/app.py:18:13|sink=test/python/xss_json/app.py:19:12
python/xss|py-ssti|py:app.greet|py:flask.render_template_string|src=test/python/xss/app.py:15:12|sink=test/python/xss/app.py:16:12
python/xss|py-xss|py:app.greet|py:flask.render_template_string|src=test/python/xss/app.py:15:12|sink=test/python/xss/app.py:16:12
python/zip_slip|py-zip-slip|py:app.extract|py:open|src=test/python/zip_slip/app.py:10:17|sink=test/python/zip_slip/app.py:12:14
