ruby/backtick_injection|ruby-command-injection|ruby:app.<module>|ruby:%x|src=test/ruby/backtick_injection/app.rb:4:10|sink=test/ruby/backtick_injection/app.rb:5:4
ruby/cell_option_source|ruby-xss-cell-option|ruby:app/cells/report/report_cell.ReportCell.unsafe_title|ruby:raw|src=test/ruby/cell_option_source/app/cells/report/report_cell.rb:5:9|sink=test/ruby/cell_option_source/app/cells/report/report_cell.rb:5:5
ruby/cell_option_source|ruby-xss-cell-option|ruby:app/cells/report/report_cell.ReportCell.unsafe_translated|ruby:raw|src=test/ruby/cell_option_source/app/cells/report/report_cell.rb:23:36|sink=test/ruby/cell_option_source/app/cells/report/report_cell.rb:23:5
ruby/cell_template_linkage|ruby-xss-cell-option|ruby:app/cells/report/show.<module>|ruby:raw|src=test/ruby/cell_template_linkage/app/cells/report_cell.rb:11:7|sink=test/ruby/cell_template_linkage/app/cells/report/show.erb:2:4
ruby/cell_template_linkage|ruby-xss-cell-option|ruby:app/cells/report/show.<module>|ruby:raw|src=test/ruby/cell_template_linkage/app/cells/report_cell.rb:6:5|sink=test/ruby/cell_template_linkage/app/cells/report/show.erb:1:5
ruby/cells_xss|ruby-xss|ruby:app/cells/report/show.<module>|ruby:raw|src=test/ruby/cells_xss/app/cells/report/show.erb:2:11|sink=test/ruby/cells_xss/app/cells/report/show.erb:2:7
ruby/code_injection|ruby-code-injection|ruby:app.AdminController.dispatch|ruby:send|src=test/ruby/code_injection/app.rb:10:18|sink=test/ruby/code_injection/app.rb:10:5
ruby/code_injection|ruby-code-injection|ruby:app.AdminController.render_template|ruby:ERB.new|src=test/ruby/code_injection/app.rb:16:13|sink=test/ruby/code_injection/app.rb:16:5
ruby/code_injection|ruby-code-injection|ruby:app.AdminController.run|ruby:eval|src=test/ruby/code_injection/app.rb:4:10|sink=test/ruby/code_injection/app.rb:4:5
ruby/command_injection|ruby-command-injection|ruby:app.handle|ruby:system|src=test/ruby/command_injection/app.rb:4:10|sink=test/ruby/command_injection/app.rb:5:3
ruby/comparison_result_safe|ruby-command-injection|ruby:app.run|ruby:system|src=test/ruby/comparison_result_safe/app.rb:17:20|sink=test/ruby/comparison_result_safe/app.rb:17:3
ruby/control_flow_if|ruby-command-injection|ruby:app.handle|ruby:system|src=test/ruby/control_flow_if/app.rb:7:12|sink=test/ruby/control_flow_if/app.rb:8:5
ruby/control_flow_while|ruby-command-injection|ruby:app.handle|ruby:system|src=test/ruby/control_flow_while/app.rb:7:27|sink=test/ruby/control_flow_while/app.rb:7:5
ruby/deserialization|ruby-insecure-deserialization|ruby:app.ImportsController.marshal_blob|ruby:Marshal.load|src=test/ruby/deserialization/app.rb:5:18|sink=test/ruby/deserialization/app.rb:5:5
ruby/deserialization|ruby-insecure-deserialization|ruby:app.ImportsController.unsafe_yaml|ruby:YAML.load|src=test/ruby/deserialization/app.rb:9:15|sink=test/ruby/deserialization/app.rb:9:5
ruby/erb_template_xss|ruby-xss|ruby:layout.html.<module>|ruby:raw|src=test/ruby/erb_template_xss/layout.html.erb:6:40|sink=test/ruby/erb_template_xss/layout.html.erb:6:35
ruby/erb_template_xss|ruby-xss|ruby:layout.html.<module>|ruby:raw|src=test/ruby/erb_template_xss/layout.html.erb:7:8|sink=test/ruby/erb_template_xss/layout.html.erb:7:3
ruby/erb_template_xss|ruby-xss|ruby:show.html.<module>|ruby:raw|src=test/ruby/erb_template_xss/show.html.erb:4:11|sink=test/ruby/erb_template_xss/show.html.erb:4:6
ruby/erb_template_xss|ruby-xss|ruby:show.html.<module>|ruby:raw|src=test/ruby/erb_template_xss/show.html.erb:5:14|sink=test/ruby/erb_template_xss/show.html.erb:5:10
ruby/fileutils_path_traversal|ruby-path-traversal|ruby:app.BackupController.list|ruby:Dir.glob|src=test/ruby/fileutils_path_traversal/app.rb:12:15|sink=test/ruby/fileutils_path_traversal/app.rb:13:5
ruby/fileutils_path_traversal|ruby-path-traversal|ruby:app.BackupController.restore|ruby:FileUtils.cp|src=test/ruby/fileutils_path_traversal/app.rb:7:11|sink=test/ruby/fileutils_path_traversal/app.rb:8:5
ruby/format_string_ssrf|ruby-ssrf|ruby:app.fetch|ruby:Net::HTTP.get|src=test/ruby/format_string_ssrf/app.rb:12:52|sink=test/ruby/format_string_ssrf/app.rb:13:3
ruby/interproc_helper|ruby-path-traversal|ruby:app.FilesController.download|ruby:File.read|src=test/ruby/interproc_helper/app.rb:21:5|sink=test/ruby/interproc_helper/app.rb:17:5
ruby/interproc_helper|ruby-path-traversal|ruby:app.FilesController.read_file|ruby:File.read|src=test/ruby/interproc_helper/app.rb:7:12|sink=test/ruby/interproc_helper/app.rb:12:5
ruby/interproc_ivar|ruby-path-traversal|ruby:app.UploadController.commit|ruby:File.open|src=test/ruby/interproc_ivar/app.rb:6:13|sink=test/ruby/interproc_ivar/app.rb:10:5
ruby/kwarg_taint|ruby-xss|ruby:app.ReportsController.unsafe_html|ruby:render|src=test/ruby/kwarg_taint/app.rb:9:18|sink=test/ruby/kwarg_taint/app.rb:9:5
ruby/loop_carried_command_injection|ruby-command-injection|ruby:app.handle|ruby:system|src=test/ruby/loop_carried_command_injection/app.rb:15:11|sink=test/ruby/loop_carried_command_injection/app.rb:14:5
ruby/nested_if_in_loop|ruby-command-injection|ruby:app.handle|ruby:system|src=test/ruby/nested_if_in_loop/app.rb:11:14|sink=test/ruby/nested_if_in_loop/app.rb:12:7
ruby/open_redirect|ruby-open-redirect|ruby:app.go|ruby:redirect_to|src=test/ruby/open_redirect/app.rb:4:12|sink=test/ruby/open_redirect/app.rb:5:3
ruby/path_traversal_guard_bypass|ruby-path-traversal|ruby:app.show|ruby:File.read|src=test/ruby/path_traversal_guard_bypass/app.rb:7:10|sink=test/ruby/path_traversal_guard_bypass/app.rb:9:3
ruby/path_traversal|ruby-path-traversal|ruby:app.download|ruby:File.read|src=test/ruby/path_traversal/app.rb:5:10|sink=test/ruby/path_traversal/app.rb:6:3
ruby/rails_query_sqli|ruby-sql-injection|ruby:app.ReportsController.interpolated|ruby:User.where|src=test/ruby/rails_query_sqli/app.rb:5:27|sink=test/ruby/rails_query_sqli/app.rb:5:5
ruby/rails_query_sqli|ruby-sql-injection|ruby:app.ReportsController.sortable|ruby:User.order|src=test/ruby/rails_query_sqli/app.rb:10:16|sink=test/ruby/rails_query_sqli/app.rb:10:5
ruby/sinatra_command_injection|ruby-command-injection|ruby:app.<module>|ruby:system|src=test/ruby/sinatra_command_injection/app.rb:7:12|sink=test/ruby/sinatra_command_injection/app.rb:8:3
ruby/sql_injection_arel|ruby-sql-injection|ruby:Order.by_role|ruby:Arel.sql|src=test/ruby/sql_injection_arel/controller.rb:8:58|sink=test/ruby/sql_injection_arel/model.rb:5:18
ruby/sql_injection|ruby-sql-injection|ruby:app.show|ruby:Base.execute|src=test/ruby/sql_injection/app.rb:4:8|sink=test/ruby/sql_injection/app.rb:5:3
ruby/ssrf|ruby-ssrf|ruby:app.fetch|ruby:Net::HTTP.get|src=test/ruby/ssrf/app.rb:4:9|sink=test/ruby/ssrf/app.rb:5:3
ruby/xss|ruby-xss|ruby:app.render_comment|ruby:raw|src=test/ruby/xss/app.rb:6:13|sink=test/ruby/xss/app.rb:7:3
